2026/07/09 14:59:13 [SERVER] Vector 已启用, PID=47038
2026/07/09 14:59:13 [COLLECTOR] 采集器管理: http://localhost:8081
2026/07/09 14:59:13 [COLLECTOR] 已向 http://localhost:8080 注册: {"error":"missing fields"}
2026/07/09 14:59:14 [SERVER] Vector 已停止
2026/07/09 14:59:15 [COLLECTOR] 采集器 none 已删除并通知服务端 http://localhost:8080
2026/07/09 15:00:47 [SERVER] Vector 已启用, PID=47117
2026/07/09 15:00:47 [COLLECTOR] 已向 http://localhost:8080 注册: {"Collector_ID":"C_LAPTOP_9eab66f1","ok":true}
2026/07/09 15:00:50 [SERVER] Vector 已停止
2026/07/09 15:00:50 [COLLECTOR] 采集器 C_LAPTOP_9eab66f1 已删除并通知服务端 http://localhost:8080
2026/07/09 15:02:07 [SERVER] Vector 已启用, PID=47218
2026/07/09 15:02:08 [COLLECTOR] 已向 http://localhost:8080 注册: {"Collector_ID":"C_LAPTOP_b7739ca6","ok":true}
2026/07/09 15:02:08 [COLLECTOR] Kafka broker 已更新为: localhost:9091
2026/07/09 15:02:10 [SERVER] Vector 已停止
2026/07/09 15:02:13 [SERVER] Vector 已启用, PID=47253
2026/07/09 15:02:13 [COLLECTOR] 已向 http://localhost:8080 注册: {"Collector_ID":"C_LAPTOP_b7739ca6","ok":true}
2026/07/09 15:06:46 [SERVER] Vector 已停止
2026/07/09 15:06:50 [SERVER] Vector 已启用, PID=47474
2026/07/09 15:08:11 [COLLECTOR] Kafka broker 已更新为: localhost:9092
2026/07/09 15:08:13 [SERVER] Vector 已停止
2026/07/09 15:08:13 [SERVER] Vector 已启用, PID=47568
2026/07/09 15:08:14 [COLLECTOR] 已向 http://localhost:8080 注册: {"Collector_ID":"C_LAPTOP_b7739ca6","ok":true}
2026/07/09 15:19:51 [SERVER] Vector 已停止
2026/07/09 15:19:54 [SERVER] Vector 已启用, PID=50524
2026/07/09 15:25:44 [SERVER] Vector 已停止
2026/07/09 15:25:47 [SERVER] Vector 已启用, PID=51990
2026/07/09 15:25:51 [SERVER] Vector 已停止
2026/07/09 15:25:54 [SERVER] Vector 已启用, PID=52043
2026/07/09 15:28:35 [SERVER] Vector 已启用, PID=52043
2026/07/09 15:28:35 [COLLECTOR] 已向 http://localhost:8080 注册: {"Collector_ID":"C_LAPTOP_5e59e1fc","ok":true}
2026/07/09 15:28:35 [COLLECTOR] Kafka broker 已更新为: localhost:9091
2026/07/09 15:28:37 [SERVER] Vector 已停止
2026/07/09 15:28:40 [SERVER] Vector 已启用, PID=52133
2026/07/09 15:28:40 [COLLECTOR] 已向 http://localhost:8080 注册: {"Collector_ID":"C_LAPTOP_5e59e1fc","ok":true}
2026/07/09 15:29:17 [SERVER] Vector 已启用, PID=52133
52205
2026/07/09 15:29:17 [COLLECTOR] 已向 http://localhost:8080 注册: {"Collector_ID":"C_LAPTOP_ac941f3e","ok":true}
2026/07/09 15:29:17 [COLLECTOR] Kafka broker 已更新为: localhost:9093
2026/07/09 15:29:19 [SERVER] Vector 已停止
2026/07/09 15:29:22 [SERVER] Vector 已启用, PID=52239
2026/07/09 15:29:22 [COLLECTOR] 已向 http://localhost:8080 注册: {"Collector_ID":"C_LAPTOP_ac941f3e","ok":true}
2026/07/09 15:30:13 [SERVER] Vector 已停止
2026/07/09 15:30:16 [SERVER] Vector 已启用, PID=52278
2026/07/09 15:39:24 [SERVER] Vector 已停止
2026/07/09 15:39:34 [SERVER] Vector 已停止
2026/07/09 15:39:50 [SERVER] Vector 已停止
2026/07/09 15:39:51 [COLLECTOR] 采集器 C_LAPTOP_ac941f3e 已删除并通知服务端 http://localhost:8080
2026/07/09 15:40:15 [SERVER] Vector 已启用, PID=52579
2026/07/09 15:40:15 [COLLECTOR] 已向 http://localhost:8080 注册: {"Collector_ID":"C_LAPTOP_48a8f4f7","ok":true}
2026/07/09 15:40:15 [COLLECTOR] Kafka broker 已更新为: localhost:9092
2026/07/09 15:40:17 [SERVER] Vector 已停止
2026/07/09 15:40:20 [SERVER] Vector 已启用, PID=52624
2026/07/09 15:40:20 [COLLECTOR] 已向 http://localhost:8080 注册: {"Collector_ID":"C_LAPTOP_48a8f4f7","ok":true}
2026/07/09 15:40:37 [SERVER] Vector 已启用, PID=52624
2026/07/09 15:40:37 [COLLECTOR] 已向 http://localhost:8080 注册: {"Collector_ID":"C_LAPTOP_5df39011","ok":true}
2026/07/09 15:40:37 [COLLECTOR] Kafka broker 已更新为: localhost:9095
2026/07/09 15:40:39 [SERVER] Vector 已停止
2026/07/09 15:40:42 [SERVER] Vector 已启用, PID=52700
2026/07/09 15:40:42 [COLLECTOR] 已向 http://localhost:8080 注册: {"Collector_ID":"C_LAPTOP_5df39011","ok":true}
2026/07/09 15:41:16 [SERVER] Vector 已停止
2026/07/09 15:41:19 [SERVER] Vector 已启用, PID=52739
2026/07/09 15:53:49 [COLLECTOR] Kafka broker 已更新为: localhost:9099
2026/07/09 15:53:51 [SERVER] Vector 已停止
2026/07/09 15:53:55 [SERVER] Vector 已启用, PID=52919
2026/07/09 15:53:55 [COLLECTOR] 已向 http://localhost:8080 注册: {"Collector_ID":"C_LAPTOP_5df39011","ok":true}
2026/07/09 15:54:21 [SERVER] Vector 已停止
2026/07/09 15:54:21 [COLLECTOR] 采集器 C_LAPTOP_5df39011 已删除并通知服务端 http://localhost:8080
2026/07/09 15:54:59 [SERVER] Vector 已启用, PID=52951
2026/07/09 15:54:59 [COLLECTOR] 已向 http://localhost:8080 注册: {"Collector_ID":"C_LAPTOP_8ae72e05","ok":true}
2026/07/09 15:54:59 [COLLECTOR] Kafka broker 已更新为: localhost:9093
2026/07/09 15:55:01 [SERVER] Vector 已停止
2026/07/09 15:55:04 [SERVER] Vector 已启用, PID=52977
2026/07/09 15:55:04 [COLLECTOR] 已向 http://localhost:8080 注册: {"Collector_ID":"C_LAPTOP_8ae72e05","ok":true}
2026/07/09 15:55:40 [SERVER] Vector 已停止
